[
  {
    "type": "dart",
    "name": "foobar",
    "version": "1.0.0+1",
    "primary_language": "dart",
    "parties": [],
    "download_url": "https://pub.dartlang.org/packages/foobar/versions/1.0.0+1.tar.gz",
    "dependencies": [
      {
        "purl": "pkg:pubspec/flutter",
        "extracted_requirement": "sdk: flutter",
        "scope": "dependencies",
        "is_runtime": true,
        "is_optional": false,
        "is_pinned": false,
        "is_direct": true,
        "extra_data": {
          "sdk": "flutter"
        }
      },
      {
        "purl": "pkg:pubspec/rxdart",
        "extracted_requirement": "^0.18.0",
        "scope": "dependencies",
        "is_runtime": true,
        "is_optional": false,
        "is_pinned": false,
        "is_direct": true
      },
      {
        "purl": "pkg:pubspec/cupertino_icons",
        "extracted_requirement": "^0.1.2",
        "scope": "dependencies",
        "is_runtime": true,
        "is_optional": false,
        "is_pinned": false,
        "is_direct": true
      },
      {
        "purl": "pkg:pubspec/flutter_test",
        "extracted_requirement": "sdk: flutter",
        "scope": "dev_dependencies",
        "is_runtime": false,
        "is_optional": true,
        "is_pinned": false,
        "is_direct": true,
        "extra_data": {
          "sdk": "flutter"
        }
      },
      {
        "purl": "pkg:pubspec/sdk",
        "extracted_requirement": ">=2.0.0-dev.68.0 <3.0.0",
        "scope": "environment",
        "is_runtime": true,
        "is_optional": false,
        "is_pinned": false,
        "is_direct": true
      }
    ],
    "repository_homepage_url": "https://pub.dev/packages/foobar/versions/1.0.0+1",
    "repository_download_url": "https://pub.dartlang.org/packages/foobar/versions/1.0.0+1.tar.gz",
    "api_data_url": "https://pub.dev/api/packages/foobar/versions/1.0.0+1",
    "datasource_id": "pubspec_yaml",
    "purl": "pkg:dart/foobar@1.0.0%2B1"
  }
]
