[
{
  "type": "composer",
  "primary_language": "PHP",
  "parties": [],
  "dependencies": [
    {
      "purl": "pkg:composer/doctrine/cache@v1.6.2",
      "scope": "require",
      "is_runtime": true,
      "is_optional": false,
      "is_pinned": true,
      "is_direct": true,
      "resolved_package": {
        "type": "composer",
        "namespace": "doctrine",
        "name": "cache",
        "version": "v1.6.2",
        "primary_language": "PHP",
        "download_url": "https://api.github.com/repos/doctrine/cache/zipball/eb152c5100571c7a45470ff2a35095ab3f3b900b",
        "is_virtual": true,
        "dependencies": [],
        "datasource_id": "php_composer_lock"
      },
      "extra_data": {
        "source_type": "git",
        "dist_reference": "eb152c5100571c7a45470ff2a35095ab3f3b900b",
        "dist_url": "https://api.github.com/repos/doctrine/cache/zipball/eb152c5100571c7a45470ff2a35095ab3f3b900b",
        "dist_type": "zip",
        "type": "library",
        "source_reference": "eb152c5100571c7a45470ff2a35095ab3f3b900b",
        "source_url": "https://github.com/doctrine/cache.git"
      }
    },
    {
      "purl": "pkg:composer/guzzlehttp/cache-subscriber@0.2.0",
      "scope": "require",
      "is_runtime": true,
      "is_optional": false,
      "is_pinned": true,
      "is_direct": true,
      "resolved_package": {
        "type": "composer",
        "namespace": "guzzlehttp",
        "name": "cache-subscriber",
        "version": "0.2.0",
        "primary_language": "PHP",
        "download_url": "https://api.github.com/repos/guzzle/cache-subscriber/zipball/8c766ba399e4c46383e3eaa220201be62abd101e",
        "is_virtual": true,
        "dependencies": [],
        "datasource_id": "php_composer_lock"
      },
      "extra_data": {
        "dist_type": "zip",
        "source_url": "https://github.com/guzzle/cache-subscriber.git",
        "dist_reference": "8c766ba399e4c46383e3eaa220201be62abd101e",
        "source_reference": "8c766ba399e4c46383e3eaa220201be62abd101e",
        "source_type": "git",
        "type": "library",
        "dist_url": "https://api.github.com/repos/guzzle/cache-subscriber/zipball/8c766ba399e4c46383e3eaa220201be62abd101e"
      }
    },
    {
      "purl": "pkg:composer/guzzlehttp/guzzle@5.3.3",
      "scope": "require",
      "is_runtime": true,
      "is_optional": false,
      "is_pinned": true,
      "is_direct": true,
      "resolved_package": {
        "type": "composer",
        "namespace": "guzzlehttp",
        "name": "guzzle",
        "version": "5.3.3",
        "primary_language": "PHP",
        "download_url": "https://api.github.com/repos/guzzle/guzzle/zipball/93bbdb30d59be6cd9839495306c65f2907370eb9",
        "is_virtual": true,
        "dependencies": [],
        "datasource_id": "php_composer_lock"
      },
      "extra_data": {
        "type": "library",
        "source_reference": "93bbdb30d59be6cd9839495306c65f2907370eb9",
        "source_url": "https://github.com/guzzle/guzzle.git",
        "source_type": "git",
        "dist_reference": "93bbdb30d59be6cd9839495306c65f2907370eb9",
        "dist_url": "https://api.github.com/repos/guzzle/guzzle/zipball/93bbdb30d59be6cd9839495306c65f2907370eb9",
        "dist_type": "zip"
      }
    },
    {
      "purl": "pkg:composer/guzzlehttp/ringphp@1.1.1",
      "scope": "require",
      "is_runtime": true,
      "is_optional": false,
      "is_pinned": true,
      "is_direct": true,
      "resolved_package": {
        "type": "composer",
        "namespace": "guzzlehttp",
        "name": "ringphp",
        "version": "1.1.1",
        "primary_language": "PHP",
        "download_url": "https://api.github.com/repos/guzzle/RingPHP/zipball/5e2a174052995663dd68e6b5ad838afd47dd615b",
        "is_virtual": true,
        "dependencies": [],
        "datasource_id": "php_composer_lock"
      },
      "extra_data": {
        "dist_reference": "5e2a174052995663dd68e6b5ad838afd47dd615b",
        "dist_url": "https://api.github.com/repos/guzzle/RingPHP/zipball/5e2a174052995663dd68e6b5ad838afd47dd615b",
        "source_type": "git",
        "dist_type": "zip",
        "type": "library",
        "source_reference": "5e2a174052995663dd68e6b5ad838afd47dd615b",
        "source_url": "https://github.com/guzzle/RingPHP.git"
      }
    },
    {
      "purl": "pkg:composer/guzzlehttp/streams@3.0.0",
      "scope": "require",
      "is_runtime": true,
      "is_optional": false,
      "is_pinned": true,
      "is_direct": true,
      "resolved_package": {
        "type": "composer",
        "namespace": "guzzlehttp",
        "name": "streams",
        "version": "3.0.0",
        "primary_language": "PHP",
        "download_url": "https://api.github.com/repos/guzzle/streams/zipball/47aaa48e27dae43d39fc1cea0ccf0d84ac1a2ba5",
        "is_virtual": true,
        "dependencies": [],
        "datasource_id": "php_composer_lock"
      },
      "extra_data": {
        "dist_reference": "47aaa48e27dae43d39fc1cea0ccf0d84ac1a2ba5",
        "source_type": "git",
        "source_url": "https://github.com/guzzle/streams.git",
        "dist_url": "https://api.github.com/repos/guzzle/streams/zipball/47aaa48e27dae43d39fc1cea0ccf0d84ac1a2ba5",
        "type": "library",
        "source_reference": "47aaa48e27dae43d39fc1cea0ccf0d84ac1a2ba5",
        "dist_type": "zip"
      }
    },
    {
      "purl": "pkg:composer/prestashop/circuit-breaker@v3.0.0",
      "scope": "require",
      "is_runtime": true,
      "is_optional": false,
      "is_pinned": true,
      "is_direct": true,
      "resolved_package": {
        "type": "composer",
        "namespace": "prestashop",
        "name": "circuit-breaker",
        "version": "v3.0.0",
        "primary_language": "PHP",
        "download_url": "https://api.github.com/repos/PrestaShop/circuit-breaker/zipball/8764540d470b533c9484534343688733bc363f77",
        "is_virtual": true,
        "dependencies": [],
        "datasource_id": "php_composer_lock"
      },
      "extra_data": {
        "dist_url": "https://api.github.com/repos/PrestaShop/circuit-breaker/zipball/8764540d470b533c9484534343688733bc363f77",
        "dist_type": "zip",
        "source_type": "git",
        "dist_reference": "8764540d470b533c9484534343688733bc363f77",
        "type": "library",
        "source_reference": "8764540d470b533c9484534343688733bc363f77",
        "source_url": "https://github.com/PrestaShop/circuit-breaker.git"
      }
    },
    {
      "purl": "pkg:composer/react/promise@v2.7.1",
      "scope": "require",
      "is_runtime": true,
      "is_optional": false,
      "is_pinned": true,
      "is_direct": true,
      "resolved_package": {
        "type": "composer",
        "namespace": "react",
        "name": "promise",
        "version": "v2.7.1",
        "primary_language": "PHP",
        "download_url": "https://api.github.com/repos/reactphp/promise/zipball/31ffa96f8d2ed0341a57848cbb84d88b89dd664d",
        "is_virtual": true,
        "dependencies": [],
        "datasource_id": "php_composer_lock"
      },
      "extra_data": {
        "source_url": "https://github.com/reactphp/promise.git",
        "dist_reference": "31ffa96f8d2ed0341a57848cbb84d88b89dd664d",
        "dist_type": "zip",
        "source_type": "git",
        "type": "library",
        "source_reference": "31ffa96f8d2ed0341a57848cbb84d88b89dd664d",
        "dist_url": "https://api.github.com/repos/reactphp/promise/zipball/31ffa96f8d2ed0341a57848cbb84d88b89dd664d"
      }
    },
    {
      "purl": "pkg:composer/symfony/css-selector@v3.4.31",
      "scope": "require",
      "is_runtime": true,
      "is_optional": false,
      "is_pinned": true,
      "is_direct": true,
      "resolved_package": {
        "type": "composer",
        "namespace": "symfony",
        "name": "css-selector",
        "version": "v3.4.31",
        "primary_language": "PHP",
        "download_url": "https://api.github.com/repos/symfony/css-selector/zipball/e18c5c4b35e7f17513448a25d02f7af34a4bdb41",
        "is_virtual": true,
        "dependencies": [],
        "datasource_id": "php_composer_lock"
      },
      "extra_data": {
        "dist_reference": "e18c5c4b35e7f17513448a25d02f7af34a4bdb41",
        "source_url": "https://github.com/symfony/css-selector.git",
        "type": "library",
        "source_type": "git",
        "dist_url": "https://api.github.com/repos/symfony/css-selector/zipball/e18c5c4b35e7f17513448a25d02f7af34a4bdb41",
        "dist_type": "zip",
        "source_reference": "e18c5c4b35e7f17513448a25d02f7af34a4bdb41"
      }
    },
    {
      "purl": "pkg:composer/composer/semver@1.5.0",
      "scope": "require-dev",
      "is_runtime": false,
      "is_optional": true,
      "is_pinned": true,
      "is_direct": true,
      "resolved_package": {
        "type": "composer",
        "namespace": "composer",
        "name": "semver",
        "version": "1.5.0",
        "primary_language": "PHP",
        "download_url": "https://api.github.com/repos/composer/semver/zipball/46d9139568ccb8d9e7cdd4539cab7347568a5e2e",
        "is_virtual": true,
        "dependencies": [],
        "datasource_id": "php_composer_lock"
      },
      "extra_data": {
        "type": "library",
        "dist_reference": "46d9139568ccb8d9e7cdd4539cab7347568a5e2e",
        "dist_url": "https://api.github.com/repos/composer/semver/zipball/46d9139568ccb8d9e7cdd4539cab7347568a5e2e",
        "dist_type": "zip",
        "source_reference": "46d9139568ccb8d9e7cdd4539cab7347568a5e2e",
        "source_url": "https://github.com/composer/semver.git",
        "source_type": "git"
      }
    },
    {
      "purl": "pkg:composer/composer/xdebug-handler@1.3.3",
      "scope": "require-dev",
      "is_runtime": false,
      "is_optional": true,
      "is_pinned": true,
      "is_direct": true,
      "resolved_package": {
        "type": "composer",
        "namespace": "composer",
        "name": "xdebug-handler",
        "version": "1.3.3",
        "primary_language": "PHP",
        "download_url": "https://api.github.com/repos/composer/xdebug-handler/zipball/46867cbf8ca9fb8d60c506895449eb799db1184f",
        "is_virtual": true,
        "dependencies": [],
        "datasource_id": "php_composer_lock"
      },
      "extra_data": {
        "dist_reference": "46867cbf8ca9fb8d60c506895449eb799db1184f",
        "dist_url": "https://api.github.com/repos/composer/xdebug-handler/zipball/46867cbf8ca9fb8d60c506895449eb799db1184f",
        "dist_type": "zip",
        "source_url": "https://github.com/composer/xdebug-handler.git",
        "source_type": "git",
        "source_reference": "46867cbf8ca9fb8d60c506895449eb799db1184f",
        "type": "library"
      }
    },
    {
      "purl": "pkg:composer/doctrine/annotations@v1.4.0",
      "scope": "require-dev",
      "is_runtime": false,
      "is_optional": true,
      "is_pinned": true,
      "is_direct": true,
      "resolved_package": {
        "type": "composer",
        "namespace": "doctrine",
        "name": "annotations",
        "version": "v1.4.0",
        "primary_language": "PHP",
        "download_url": "https://api.github.com/repos/doctrine/annotations/zipball/54cacc9b81758b14e3ce750f205a393d52339e97",
        "is_virtual": true,
        "dependencies": [],
        "datasource_id": "php_composer_lock"
      },
      "extra_data": {
        "dist_type": "zip",
        "source_reference": "54cacc9b81758b14e3ce750f205a393d52339e97",
        "dist_reference": "54cacc9b81758b14e3ce750f205a393d52339e97",
        "dist_url": "https://api.github.com/repos/doctrine/annotations/zipball/54cacc9b81758b14e3ce750f205a393d52339e97",
        "type": "library",
        "source_url": "https://github.com/doctrine/annotations.git",
        "source_type": "git"
      }
    },
    {
      "purl": "pkg:composer/doctrine/lexer@1.0.2",
      "scope": "require-dev",
      "is_runtime": false,
      "is_optional": true,
      "is_pinned": true,
      "is_direct": true,
      "resolved_package": {
        "type": "composer",
        "namespace": "doctrine",
        "name": "lexer",
        "version": "1.0.2",
        "primary_language": "PHP",
        "download_url": "https://api.github.com/repos/doctrine/lexer/zipball/1febd6c3ef84253d7c815bed85fc622ad207a9f8",
        "is_virtual": true,
        "dependencies": [],
        "datasource_id": "php_composer_lock"
      },
      "extra_data": {
        "dist_reference": "1febd6c3ef84253d7c815bed85fc622ad207a9f8",
        "dist_url": "https://api.github.com/repos/doctrine/lexer/zipball/1febd6c3ef84253d7c815bed85fc622ad207a9f8",
        "dist_type": "zip",
        "type": "library",
        "source_reference": "1febd6c3ef84253d7c815bed85fc622ad207a9f8",
        "source_url": "https://github.com/doctrine/lexer.git",
        "source_type": "git"
      }
    },
    {
      "purl": "pkg:composer/friendsofphp/php-cs-fixer@v2.15.3",
      "scope": "require-dev",
      "is_runtime": false,
      "is_optional": true,
      "is_pinned": true,
      "is_direct": true,
      "resolved_package": {
        "type": "composer",
        "namespace": "friendsofphp",
        "name": "php-cs-fixer",
        "version": "v2.15.3",
        "primary_language": "PHP",
        "download_url": "https://api.github.com/repos/FriendsOfPHP/PHP-CS-Fixer/zipball/705490b0f282f21017d73561e9498d2b622ee34c",
        "is_virtual": true,
        "dependencies": [],
        "datasource_id": "php_composer_lock"
      },
      "extra_data": {
        "source_reference": "705490b0f282f21017d73561e9498d2b622ee34c",
        "source_url": "https://github.com/FriendsOfPHP/PHP-CS-Fixer.git",
        "type": "application",
        "source_type": "git",
        "dist_reference": "705490b0f282f21017d73561e9498d2b622ee34c",
        "dist_url": "https://api.github.com/repos/FriendsOfPHP/PHP-CS-Fixer/zipball/705490b0f282f21017d73561e9498d2b622ee34c",
        "dist_type": "zip"
      }
    },
    {
      "purl": "pkg:composer/paragonie/random_compat@v2.0.18",
      "scope": "require-dev",
      "is_runtime": false,
      "is_optional": true,
      "is_pinned": true,
      "is_direct": true,
      "resolved_package": {
        "type": "composer",
        "namespace": "paragonie",
        "name": "random_compat",
        "version": "v2.0.18",
        "primary_language": "PHP",
        "download_url": "https://api.github.com/repos/paragonie/random_compat/zipball/0a58ef6e3146256cc3dc7cc393927bcc7d1b72db",
        "is_virtual": true,
        "dependencies": [],
        "datasource_id": "php_composer_lock"
      },
      "extra_data": {
        "source_url": "https://github.com/paragonie/random_compat.git",
        "dist_reference": "0a58ef6e3146256cc3dc7cc393927bcc7d1b72db",
        "dist_url": "https://api.github.com/repos/paragonie/random_compat/zipball/0a58ef6e3146256cc3dc7cc393927bcc7d1b72db",
        "type": "library",
        "source_reference": "0a58ef6e3146256cc3dc7cc393927bcc7d1b72db",
        "source_type": "git",
        "dist_type": "zip"
      }
    },
    {
      "purl": "pkg:composer/php-cs-fixer/diff@v1.3.0",
      "scope": "require-dev",
      "is_runtime": false,
      "is_optional": true,
      "is_pinned": true,
      "is_direct": true,
      "resolved_package": {
        "type": "composer",
        "namespace": "php-cs-fixer",
        "name": "diff",
        "version": "v1.3.0",
        "primary_language": "PHP",
        "download_url": "https://api.github.com/repos/PHP-CS-Fixer/diff/zipball/78bb099e9c16361126c86ce82ec4405ebab8e756",
        "is_virtual": true,
        "dependencies": [],
        "datasource_id": "php_composer_lock"
      },
      "extra_data": {
        "dist_url": "https://api.github.com/repos/PHP-CS-Fixer/diff/zipball/78bb099e9c16361126c86ce82ec4405ebab8e756",
        "dist_type": "zip",
        "source_reference": "78bb099e9c16361126c86ce82ec4405ebab8e756",
        "type": "library",
        "source_type": "git",
        "source_url": "https://github.com/PHP-CS-Fixer/diff.git",
        "dist_reference": "78bb099e9c16361126c86ce82ec4405ebab8e756"
      }
    },
    {
      "purl": "pkg:composer/prestashop/php-coding-standards@dev-master",
      "scope": "require-dev",
      "is_runtime": false,
      "is_optional": true,
      "is_pinned": true,
      "is_direct": true,
      "resolved_package": {
        "type": "composer",
        "namespace": "prestashop",
        "name": "php-coding-standards",
        "version": "dev-master",
        "primary_language": "PHP",
        "download_url": "https://api.github.com/repos/PrestaShop/php-coding-standards/zipball/b36d09439147e45c1a7d007b9361367ae92167dd",
        "is_virtual": true,
        "dependencies": [],
        "datasource_id": "php_composer_lock"
      },
      "extra_data": {
        "source_url": "https://github.com/PrestaShop/php-coding-standards.git",
        "type": "library",
        "source_reference": "b36d09439147e45c1a7d007b9361367ae92167dd",
        "source_type": "git",
        "dist_url": "https://api.github.com/repos/PrestaShop/php-coding-standards/zipball/b36d09439147e45c1a7d007b9361367ae92167dd",
        "dist_type": "zip",
        "dist_reference": "b36d09439147e45c1a7d007b9361367ae92167dd"
      }
    },
    {
      "purl": "pkg:composer/psr/log@1.1.0",
      "scope": "require-dev",
      "is_runtime": false,
      "is_optional": true,
      "is_pinned": true,
      "is_direct": true,
      "resolved_package": {
        "type": "composer",
        "namespace": "psr",
        "name": "log",
        "version": "1.1.0",
        "primary_language": "PHP",
        "download_url": "https://api.github.com/repos/php-fig/log/zipball/6c001f1daafa3a3ac1d8ff69ee4db8e799a654dd",
        "is_virtual": true,
        "dependencies": [],
        "datasource_id": "php_composer_lock"
      },
      "extra_data": {
        "source_type": "git",
        "dist_url": "https://api.github.com/repos/php-fig/log/zipball/6c001f1daafa3a3ac1d8ff69ee4db8e799a654dd",
        "dist_type": "zip",
        "source_url": "https://github.com/php-fig/log.git",
        "type": "library",
        "source_reference": "6c001f1daafa3a3ac1d8ff69ee4db8e799a654dd",
        "dist_reference": "6c001f1daafa3a3ac1d8ff69ee4db8e799a654dd"
      }
    },
    {
      "purl": "pkg:composer/squizlabs/php_codesniffer@3.4.2",
      "scope": "require-dev",
      "is_runtime": false,
      "is_optional": true,
      "is_pinned": true,
      "is_direct": true,
      "resolved_package": {
        "type": "composer",
        "namespace": "squizlabs",
        "name": "php_codesniffer",
        "version": "3.4.2",
        "primary_language": "PHP",
        "download_url": "https://api.github.com/repos/squizlabs/PHP_CodeSniffer/zipball/b8a7362af1cc1aadb5bd36c3defc4dda2cf5f0a8",
        "is_virtual": true,
        "dependencies": [],
        "datasource_id": "php_composer_lock"
      },
      "extra_data": {
        "dist_url": "https://api.github.com/repos/squizlabs/PHP_CodeSniffer/zipball/b8a7362af1cc1aadb5bd36c3defc4dda2cf5f0a8",
        "dist_type": "zip",
        "source_reference": "b8a7362af1cc1aadb5bd36c3defc4dda2cf5f0a8",
        "type": "library",
        "dist_reference": "b8a7362af1cc1aadb5bd36c3defc4dda2cf5f0a8",
        "source_url": "https://github.com/squizlabs/PHP_CodeSniffer.git",
        "source_type": "git"
      }
    },
    {
      "purl": "pkg:composer/symfony/console@v3.4.31",
      "scope": "require-dev",
      "is_runtime": false,
      "is_optional": true,
      "is_pinned": true,
      "is_direct": true,
      "resolved_package": {
        "type": "composer",
        "namespace": "symfony",
        "name": "console",
        "version": "v3.4.31",
        "primary_language": "PHP",
        "download_url": "https://api.github.com/repos/symfony/console/zipball/4510f04e70344d70952566e4262a0b11df39cb10",
        "is_virtual": true,
        "dependencies": [],
        "datasource_id": "php_composer_lock"
      },
      "extra_data": {
        "source_reference": "4510f04e70344d70952566e4262a0b11df39cb10",
        "dist_reference": "4510f04e70344d70952566e4262a0b11df39cb10",
        "dist_type": "zip",
        "source_url": "https://github.com/symfony/console.git",
        "source_type": "git",
        "type": "library",
        "dist_url": "https://api.github.com/repos/symfony/console/zipball/4510f04e70344d70952566e4262a0b11df39cb10"
      }
    },
    {
      "purl": "pkg:composer/symfony/debug@v3.4.31",
      "scope": "require-dev",
      "is_runtime": false,
      "is_optional": true,
      "is_pinned": true,
      "is_direct": true,
      "resolved_package": {
        "type": "composer",
        "namespace": "symfony",
        "name": "debug",
        "version": "v3.4.31",
        "primary_language": "PHP",
        "download_url": "https://api.github.com/repos/symfony/debug/zipball/0b600300918780001e2821db77bc28b677794486",
        "is_virtual": true,
        "dependencies": [],
        "datasource_id": "php_composer_lock"
      },
      "extra_data": {
        "type": "library",
        "source_type": "git",
        "dist_url": "https://api.github.com/repos/symfony/debug/zipball/0b600300918780001e2821db77bc28b677794486",
        "dist_type": "zip",
        "source_reference": "0b600300918780001e2821db77bc28b677794486",
        "source_url": "https://github.com/symfony/debug.git",
        "dist_reference": "0b600300918780001e2821db77bc28b677794486"
      }
    },
    {
      "purl": "pkg:composer/symfony/event-dispatcher@v3.4.31",
      "scope": "require-dev",
      "is_runtime": false,
      "is_optional": true,
      "is_pinned": true,
      "is_direct": true,
      "resolved_package": {
        "type": "composer",
        "namespace": "symfony",
        "name": "event-dispatcher",
        "version": "v3.4.31",
        "primary_language": "PHP",
        "download_url": "https://api.github.com/repos/symfony/event-dispatcher/zipball/3e922c4c3430b9de624e8a285dada5e61e230959",
        "is_virtual": true,
        "dependencies": [],
        "datasource_id": "php_composer_lock"
      },
      "extra_data": {
        "source_type": "git",
        "type": "library",
        "dist_url": "https://api.github.com/repos/symfony/event-dispatcher/zipball/3e922c4c3430b9de624e8a285dada5e61e230959",
        "dist_type": "zip",
        "source_reference": "3e922c4c3430b9de624e8a285dada5e61e230959",
        "dist_reference": "3e922c4c3430b9de624e8a285dada5e61e230959",
        "source_url": "https://github.com/symfony/event-dispatcher.git"
      }
    },
    {
      "purl": "pkg:composer/symfony/filesystem@v3.4.31",
      "scope": "require-dev",
      "is_runtime": false,
      "is_optional": true,
      "is_pinned": true,
      "is_direct": true,
      "resolved_package": {
        "type": "composer",
        "namespace": "symfony",
        "name": "filesystem",
        "version": "v3.4.31",
        "primary_language": "PHP",
        "download_url": "https://api.github.com/repos/symfony/filesystem/zipball/00e3a6ddd723b8bcfe4f2a1b6f82b98eeeb51516",
        "is_virtual": true,
        "dependencies": [],
        "datasource_id": "php_composer_lock"
      },
      "extra_data": {
        "source_url": "https://github.com/symfony/filesystem.git",
        "dist_url": "https://api.github.com/repos/symfony/filesystem/zipball/00e3a6ddd723b8bcfe4f2a1b6f82b98eeeb51516",
        "dist_type": "zip",
        "dist_reference": "00e3a6ddd723b8bcfe4f2a1b6f82b98eeeb51516",
        "source_reference": "00e3a6ddd723b8bcfe4f2a1b6f82b98eeeb51516",
        "source_type": "git",
        "type": "library"
      }
    },
    {
      "purl": "pkg:composer/symfony/finder@v3.4.31",
      "scope": "require-dev",
      "is_runtime": false,
      "is_optional": true,
      "is_pinned": true,
      "is_direct": true,
      "resolved_package": {
        "type": "composer",
        "namespace": "symfony",
        "name": "finder",
        "version": "v3.4.31",
        "primary_language": "PHP",
        "download_url": "https://api.github.com/repos/symfony/finder/zipball/1fcad80b440abcd1451767349906b6f9d3961d37",
        "is_virtual": true,
        "dependencies": [],
        "datasource_id": "php_composer_lock"
      },
      "extra_data": {
        "source_reference": "1fcad80b440abcd1451767349906b6f9d3961d37",
        "type": "library",
        "source_type": "git",
        "dist_reference": "1fcad80b440abcd1451767349906b6f9d3961d37",
        "dist_url": "https://api.github.com/repos/symfony/finder/zipball/1fcad80b440abcd1451767349906b6f9d3961d37",
        "source_url": "https://github.com/symfony/finder.git",
        "dist_type": "zip"
      }
    },
    {
      "purl": "pkg:composer/symfony/options-resolver@v3.4.31",
      "scope": "require-dev",
      "is_runtime": false,
      "is_optional": true,
      "is_pinned": true,
      "is_direct": true,
      "resolved_package": {
        "type": "composer",
        "namespace": "symfony",
        "name": "options-resolver",
        "version": "v3.4.31",
        "primary_language": "PHP",
        "download_url": "https://api.github.com/repos/symfony/options-resolver/zipball/a7c00586a9ef70acf0f17085e51c399bf9620e03",
        "is_virtual": true,
        "dependencies": [],
        "datasource_id": "php_composer_lock"
      },
      "extra_data": {
        "dist_reference": "a7c00586a9ef70acf0f17085e51c399bf9620e03",
        "dist_type": "zip",
        "source_reference": "a7c00586a9ef70acf0f17085e51c399bf9620e03",
        "source_url": "https://github.com/symfony/options-resolver.git",
        "type": "library",
        "source_type": "git",
        "dist_url": "https://api.github.com/repos/symfony/options-resolver/zipball/a7c00586a9ef70acf0f17085e51c399bf9620e03"
      }
    },
    {
      "purl": "pkg:composer/symfony/polyfill-ctype@v1.12.0",
      "scope": "require-dev",
      "is_runtime": false,
      "is_optional": true,
      "is_pinned": true,
      "is_direct": true,
      "resolved_package": {
        "type": "composer",
        "namespace": "symfony",
        "name": "polyfill-ctype",
        "version": "v1.12.0",
        "primary_language": "PHP",
        "download_url": "https://api.github.com/repos/symfony/polyfill-ctype/zipball/550ebaac289296ce228a706d0867afc34687e3f4",
        "is_virtual": true,
        "dependencies": [],
        "datasource_id": "php_composer_lock"
      },
      "extra_data": {
        "dist_url": "https://api.github.com/repos/symfony/polyfill-ctype/zipball/550ebaac289296ce228a706d0867afc34687e3f4",
        "dist_type": "zip",
        "source_url": "https://github.com/symfony/polyfill-ctype.git",
        "type": "library",
        "source_type": "git",
        "dist_reference": "550ebaac289296ce228a706d0867afc34687e3f4",
        "source_reference": "550ebaac289296ce228a706d0867afc34687e3f4"
      }
    },
    {
      "purl": "pkg:composer/symfony/polyfill-mbstring@v1.12.0",
      "scope": "require-dev",
      "is_runtime": false,
      "is_optional": true,
      "is_pinned": true,
      "is_direct": true,
      "resolved_package": {
        "type": "composer",
        "namespace": "symfony",
        "name": "polyfill-mbstring",
        "version": "v1.12.0",
        "primary_language": "PHP",
        "download_url": "https://api.github.com/repos/symfony/polyfill-mbstring/zipball/b42a2f66e8f1b15ccf25652c3424265923eb4f17",
        "is_virtual": true,
        "dependencies": [],
        "datasource_id": "php_composer_lock"
      },
      "extra_data": {
        "dist_reference": "b42a2f66e8f1b15ccf25652c3424265923eb4f17",
        "source_reference": "b42a2f66e8f1b15ccf25652c3424265923eb4f17",
        "source_type": "git",
        "source_url": "https://github.com/symfony/polyfill-mbstring.git",
        "dist_url": "https://api.github.com/repos/symfony/polyfill-mbstring/zipball/b42a2f66e8f1b15ccf25652c3424265923eb4f17",
        "type": "library",
        "dist_type": "zip"
      }
    },
    {
      "purl": "pkg:composer/symfony/polyfill-php70@v1.12.0",
      "scope": "require-dev",
      "is_runtime": false,
      "is_optional": true,
      "is_pinned": true,
      "is_direct": true,
      "resolved_package": {
        "type": "composer",
        "namespace": "symfony",
        "name": "polyfill-php70",
        "version": "v1.12.0",
        "primary_language": "PHP",
        "download_url": "https://api.github.com/repos/symfony/polyfill-php70/zipball/54b4c428a0054e254223797d2713c31e08610831",
        "is_virtual": true,
        "dependencies": [],
        "datasource_id": "php_composer_lock"
      },
      "extra_data": {
        "dist_reference": "54b4c428a0054e254223797d2713c31e08610831",
        "dist_type": "zip",
        "type": "library",
        "dist_url": "https://api.github.com/repos/symfony/polyfill-php70/zipball/54b4c428a0054e254223797d2713c31e08610831",
        "source_reference": "54b4c428a0054e254223797d2713c31e08610831",
        "source_url": "https://github.com/symfony/polyfill-php70.git",
        "source_type": "git"
      }
    },
    {
      "purl": "pkg:composer/symfony/polyfill-php72@v1.12.0",
      "scope": "require-dev",
      "is_runtime": false,
      "is_optional": true,
      "is_pinned": true,
      "is_direct": true,
      "resolved_package": {
        "type": "composer",
        "namespace": "symfony",
        "name": "polyfill-php72",
        "version": "v1.12.0",
        "primary_language": "PHP",
        "download_url": "https://api.github.com/repos/symfony/polyfill-php72/zipball/04ce3335667451138df4307d6a9b61565560199e",
        "is_virtual": true,
        "dependencies": [],
        "datasource_id": "php_composer_lock"
      },
      "extra_data": {
        "type": "library",
        "source_url": "https://github.com/symfony/polyfill-php72.git",
        "source_type": "git",
        "dist_reference": "04ce3335667451138df4307d6a9b61565560199e",
        "dist_url": "https://api.github.com/repos/symfony/polyfill-php72/zipball/04ce3335667451138df4307d6a9b61565560199e",
        "dist_type": "zip",
        "source_reference": "04ce3335667451138df4307d6a9b61565560199e"
      }
    },
    {
      "purl": "pkg:composer/symfony/process@v3.4.31",
      "scope": "require-dev",
      "is_runtime": false,
      "is_optional": true,
      "is_pinned": true,
      "is_direct": true,
      "resolved_package": {
        "type": "composer",
        "namespace": "symfony",
        "name": "process",
        "version": "v3.4.31",
        "primary_language": "PHP",
        "download_url": "https://api.github.com/repos/symfony/process/zipball/d822cb654000a95b7855362c0d5b127f6a6d8baa",
        "is_virtual": true,
        "dependencies": [],
        "datasource_id": "php_composer_lock"
      },
      "extra_data": {
        "source_type": "git",
        "source_reference": "d822cb654000a95b7855362c0d5b127f6a6d8baa",
        "source_url": "https://github.com/symfony/process.git",
        "dist_reference": "d822cb654000a95b7855362c0d5b127f6a6d8baa",
        "dist_url": "https://api.github.com/repos/symfony/process/zipball/d822cb654000a95b7855362c0d5b127f6a6d8baa",
        "dist_type": "zip",
        "type": "library"
      }
    },
    {
      "purl": "pkg:composer/symfony/stopwatch@v3.4.31",
      "scope": "require-dev",
      "is_runtime": false,
      "is_optional": true,
      "is_pinned": true,
      "is_direct": true,
      "resolved_package": {
        "type": "composer",
        "namespace": "symfony",
        "name": "stopwatch",
        "version": "v3.4.31",
        "primary_language": "PHP",
        "download_url": "https://api.github.com/repos/symfony/stopwatch/zipball/c0c27e38f8accb452f830a4ec8e8ac94b6ec864a",
        "is_virtual": true,
        "dependencies": [],
        "datasource_id": "php_composer_lock"
      },
      "extra_data": {
        "dist_reference": "c0c27e38f8accb452f830a4ec8e8ac94b6ec864a",
        "dist_url": "https://api.github.com/repos/symfony/stopwatch/zipball/c0c27e38f8accb452f830a4ec8e8ac94b6ec864a",
        "dist_type": "zip",
        "source_reference": "c0c27e38f8accb452f830a4ec8e8ac94b6ec864a",
        "source_url": "https://github.com/symfony/stopwatch.git",
        "source_type": "git",
        "type": "library"
      }
    }
  ],
  "datasource_id": "php_composer_lock"
}
]
