{
  "license_detections": [
    {
      "license_expression": "mit OR apache-2.0",
      "license_expression_spdx": "MIT OR Apache-2.0",
      "matches": [
        {
          "license_expression": "mit OR apache-2.0",
          "license_expression_spdx": "MIT OR Apache-2.0",
          "matcher": "1-spdx-id",
          "score": 100.0,
          "match_coverage": 100.0,
          "rule_relevance": 100
        }
      ]
    }
  ]
}
