[
  {
    "type": "cargo",
    "name": "tauri-runtime",
    "version": "1.0.0-alpha.4",
    "primary_language": "Rust",
    "description": "Runtime for Tauri applications",
    "parties": [],
    "homepage_url": "https://crates.io/crates/tauri-runtime",
    "dependencies": [
      {
        "purl": "pkg:cargo/http",
        "extracted_requirement": "0.2.4",
        "scope": "dependencies",
        "is_runtime": true,
        "is_optional": false,
        "is_pinned": true,
        "is_direct": true
      },
      {
        "purl": "pkg:cargo/raw-window-handle",
        "extracted_requirement": "0.5",
        "scope": "dependencies",
        "is_runtime": true,
        "is_optional": false,
        "is_pinned": false,
        "is_direct": true
      },
      {
        "purl": "pkg:cargo/serde",
        "extracted_requirement": "1.0",
        "scope": "dependencies",
        "is_runtime": true,
        "is_optional": false,
        "is_pinned": false,
        "is_direct": true,
        "extra_data": {
          "version": "1.0",
          "features": [
            "derive"
          ]
        }
      },
      {
        "purl": "pkg:cargo/serde_json",
        "extracted_requirement": "1.0",
        "scope": "dependencies",
        "is_runtime": true,
        "is_optional": false,
        "is_pinned": false,
        "is_direct": true
      },
      {
        "purl": "pkg:cargo/tauri-utils",
        "extracted_requirement": "2.0.0-alpha.10",
        "scope": "dependencies",
        "is_runtime": true,
        "is_optional": false,
        "is_pinned": true,
        "is_direct": true,
        "extra_data": {
          "path": "../tauri-utils",
          "version": "2.0.0-alpha.10"
        }
      },
      {
        "purl": "pkg:cargo/thiserror",
        "extracted_requirement": "1.0",
        "scope": "dependencies",
        "is_runtime": true,
        "is_optional": false,
        "is_pinned": false,
        "is_direct": true
      },
      {
        "purl": "pkg:cargo/url",
        "extracted_requirement": "2",
        "scope": "dependencies",
        "is_runtime": true,
        "is_optional": false,
        "is_pinned": false,
        "is_direct": true,
        "extra_data": {
          "version": "2"
        }
      }
    ],
    "repository_homepage_url": "https://crates.io/crates/tauri-runtime",
    "repository_download_url": "https://crates.io/api/v1/crates/tauri-runtime/1.0.0-alpha.4/download",
    "api_data_url": "https://crates.io/api/v1/crates/tauri-runtime",
    "datasource_id": "cargo_toml",
    "purl": "pkg:cargo/tauri-runtime@1.0.0-alpha.4"
  }
]