[
  {
    "type": "nuget",
    "name": "Fizzler",
    "version": "1.3.0",
    "description": "Fizzler is a W3C Selectors parser and generic selector framework for document hierarchies.",
    "parties": [
      {
        "type": "person",
        "role": "author",
        "name": "Atif Aziz,Colin Ramsay"
      }
    ],
    "homepage_url": "https://github.com/atifaziz/Fizzler",
    "vcs_url": "Git+https://github.com/atifaziz/Fizzler",
    "copyright": "Copyright © 2009 Atif Aziz, Colin Ramsay. All rights reserved. Portions Copyright © 2008 Novell, Inc.",
    "declared_license_expression": "unknown-license-reference",
    "declared_license_expression_spdx": "LicenseRef-scancode-unknown-license-reference",
    "license_detections": [
      {
        "license_expression": "unknown-license-reference",
        "license_expression_spdx": "LicenseRef-scancode-unknown-license-reference",
        "matches": [
          {
            "license_expression": "unknown-license-reference",
            "license_expression_spdx": "LicenseRef-scancode-unknown-license-reference",
            "start_line": 1,
            "end_line": 1,
            "matcher": "parser-declared-license",
            "score": 100.0,
            "matched_length": 1,
            "match_coverage": 100.0,
            "rule_relevance": 100,
            "rule_url": null,
            "matched_text": "COPYING.txt",
            "referenced_filenames": [
              "COPYING.txt"
            ]
          }
        ]
      }
    ],
    "extracted_license_statement": "COPYING.txt",
    "extra_data": {
      "repository_commit": "8323ec7a49ce5dff579b1aa146492ee7aa0ab10d",
      "license_file": "COPYING.txt",
      "license_type": "file"
    },
    "dependencies": [
      {
        "purl": "pkg:nuget/NETStandard.Library",
        "extracted_requirement": "1.6.1",
        "scope": "dependency",
        "is_runtime": true,
        "is_optional": false,
        "is_pinned": false,
        "is_direct": true,
        "extra_data": {
          "exclude": "Build,Analyzers",
          "framework": ".NETStandard1.0"
        }
      },
      {
        "purl": "pkg:nuget/System.Diagnostics.Contracts",
        "extracted_requirement": "4.3.0",
        "scope": "dependency",
        "is_runtime": true,
        "is_optional": false,
        "is_pinned": false,
        "is_direct": true,
        "extra_data": {
          "framework": ".NETStandard1.0",
          "exclude": "Build,Analyzers"
        }
      }
    ],
    "repository_homepage_url": "https://www.nuget.org/packages/Fizzler/1.3.0",
    "repository_download_url": "https://www.nuget.org/api/v2/package/Fizzler/1.3.0",
    "api_data_url": "https://api.nuget.org/v3/registration3/fizzler/1.3.0.json",
    "datasource_id": "nuget_nupsec",
    "purl": "pkg:nuget/Fizzler@1.3.0"
  }
]
