[
  {
    "type": "golang",
    "namespace": "example.com",
    "name": "test-module",
    "primary_language": "Go",
    "parties": [],
    "homepage_url": "https://pkg.go.dev/example.com/test-module",
    "vcs_url": "https://example.com/test-module.git",
    "dependencies": [
      {
        "purl": "pkg:golang/github.com/davecgh/go-spew@v1.1.1",
        "extracted_requirement": "v1.1.1",
        "scope": "dependency",
        "is_runtime": true,
        "is_optional": false,
        "is_pinned": true,
        "is_direct": false
      },
      {
        "purl": "pkg:golang/github.com/gin-gonic/gin@v1.9.0",
        "extracted_requirement": "v1.9.0",
        "scope": "dependency",
        "is_runtime": true,
        "is_optional": false,
        "is_pinned": true,
        "is_direct": true
      },
      {
        "purl": "pkg:golang/github.com/stretchr/testify@v1.8.4",
        "extracted_requirement": "v1.8.4",
        "scope": "dependency",
        "is_runtime": true,
        "is_optional": false,
        "is_pinned": true,
        "is_direct": true
      },
      {
        "purl": "pkg:golang/golang.org/x/net@v0.10.0",
        "extracted_requirement": "v0.10.0",
        "scope": "dependency",
        "is_runtime": true,
        "is_optional": false,
        "is_pinned": true,
        "is_direct": false
      }
    ],
    "repository_homepage_url": "https://pkg.go.dev/example.com/test-module",
    "datasource_id": "go_mod_graph",
    "purl": "pkg:golang/example.com/test-module"
  }
]
