[
  {
    "type": "pubspec",
    "primary_language": "dart",
    "parties": [],
    "dependencies": [
      {
        "purl": "pkg:pubspec/dart",
        "extracted_requirement": ">=2.12.0 <3.0.0",
        "scope": "sdk",
        "is_runtime": true,
        "is_optional": false,
        "is_pinned": false,
        "is_direct": true
      },
      {
        "purl": "pkg:pubspec/flutter",
        "extracted_requirement": ">=1.24.0-7.0",
        "scope": "sdk",
        "is_runtime": true,
        "is_optional": false,
        "is_pinned": false,
        "is_direct": true
      },
      {
        "purl": "pkg:pubspec/async@2.6.1",
        "extracted_requirement": "2.6.1",
        "scope": "transitive",
        "is_runtime": true,
        "is_optional": false,
        "is_pinned": true,
        "is_direct": false,
        "resolved_package": {
          "type": "pubspec",
          "name": "async",
          "version": "2.6.1",
          "primary_language": "dart",
          "is_virtual": true,
          "extra_data": {
            "description": {
              "name": "async",
              "url": "https://pub.dartlang.org"
            },
            "dependency": "transitive",
            "source": "hosted"
          },
          "dependencies": []
        },
        "extra_data": {
          "source": "hosted",
          "description": {
            "name": "async",
            "url": "https://pub.dartlang.org"
          },
          "dependency": "transitive"
        }
      },
      {
        "purl": "pkg:pubspec/cupertino_icons@1.0.3",
        "extracted_requirement": "1.0.3",
        "scope": "direct main",
        "is_runtime": true,
        "is_optional": false,
        "is_pinned": true,
        "is_direct": true,
        "resolved_package": {
          "type": "pubspec",
          "name": "cupertino_icons",
          "version": "1.0.3",
          "primary_language": "dart",
          "is_virtual": true,
          "extra_data": {
            "description": {
              "name": "cupertino_icons",
              "url": "https://pub.dartlang.org"
            },
            "source": "hosted",
            "dependency": "direct main"
          },
          "dependencies": []
        },
        "extra_data": {
          "source": "hosted",
          "description": {
            "name": "cupertino_icons",
            "url": "https://pub.dartlang.org"
          },
          "dependency": "direct main"
        }
      },
      {
        "purl": "pkg:pubspec/equatable@2.0.3",
        "extracted_requirement": "2.0.3",
        "scope": "transitive",
        "is_runtime": true,
        "is_optional": false,
        "is_pinned": true,
        "is_direct": false,
        "resolved_package": {
          "type": "pubspec",
          "name": "equatable",
          "version": "2.0.3",
          "primary_language": "dart",
          "is_virtual": true,
          "extra_data": {
            "dependency": "transitive",
            "source": "hosted",
            "description": {
              "name": "equatable",
              "url": "https://pub.dartlang.org"
            }
          },
          "dependencies": []
        },
        "extra_data": {
          "dependency": "transitive",
          "source": "hosted",
          "description": {
            "name": "equatable",
            "url": "https://pub.dartlang.org"
          }
        }
      },
      {
        "purl": "pkg:pubspec/fake_async@1.2.0",
        "extracted_requirement": "1.2.0",
        "scope": "transitive",
        "is_runtime": true,
        "is_optional": false,
        "is_pinned": true,
        "is_direct": false,
        "resolved_package": {
          "type": "pubspec",
          "name": "fake_async",
          "version": "1.2.0",
          "primary_language": "dart",
          "is_virtual": true,
          "extra_data": {
            "dependency": "transitive",
            "description": {
              "name": "fake_async",
              "url": "https://pub.dartlang.org"
            },
            "source": "hosted"
          },
          "dependencies": []
        },
        "extra_data": {
          "dependency": "transitive",
          "source": "hosted",
          "description": {
            "name": "fake_async",
            "url": "https://pub.dartlang.org"
          }
        }
      },
      {
        "purl": "pkg:pubspec/firebase_auth@2.0.0",
        "extracted_requirement": "2.0.0",
        "scope": "direct main",
        "is_runtime": true,
        "is_optional": false,
        "is_pinned": true,
        "is_direct": true,
        "resolved_package": {
          "type": "pubspec",
          "name": "firebase_auth",
          "version": "2.0.0",
          "primary_language": "dart",
          "is_virtual": true,
          "extra_data": {
            "source": "hosted",
            "dependency": "direct main",
            "description": {
              "name": "firebase_auth",
              "url": "https://pub.dartlang.org"
            }
          },
          "dependencies": []
        },
        "extra_data": {
          "dependency": "direct main",
          "source": "hosted",
          "description": {
            "name": "firebase_auth",
            "url": "https://pub.dartlang.org"
          }
        }
      }
    ],
    "datasource_id": "pubspec_lock"
  }
]
